STAGE 10H -- THE Z-LADDER CONTEST (MUSE-DARK III)
================================================================

G10H-8 family identity: max|nu_p(y,1/2) - Eq.1| = 0.00e+00  PASS

G10H-0 census: base cut (z, Mstar, DC14 member) = 88; folder-missing among base: []
  convention log_Z_DC14 < 15000: N = 85 (with folders 85)
  convention log_Z_DC14 <= 15000: N = 85 (with folders 85)
  convention BIC_DC14 < 15000: N = 85 (with folders 85)
  convention BIC_DC14 <= 15000: N = 85 (with folders 85)
  CENSUS-NEAR: using log_Z_DC14 < 15000, N = 85 (|N-79| = 6) FAIL under the original bar
  AMENDMENT 1 APPLIED: N = 85 accepted -- the 6-galaxy gap is
  the unreleased Paper-I 'regular' visual flag (no released
  column encodes it); the wiring gates carry the burden.
  duplicate DC14 row muse_id 26: kept second (nearer folder Vvir)
G10H-9 ring-integrator vs exact Freeman: max|dv2| = 0.008 (bar 0.05)  PASS
per-galaxy build: 85/85 galaxies usable

G10H-3 estimator self-test (3 synthetic MNR skies)
  rep 0: a00 = 1.095, a1 = 1.589, sig_int = 0.171
  rep 1: a00 = 0.631, a1 = 1.966, sig_int = 0.166
  rep 2: a00 = 1.169, a1 = 1.411, sig_int = 0.167
  means: da00 = -0.035 (bar 0.06), da1 = +0.065 (bar 0.18), dsig = -0.002 (bar 0.03)  PASS

RECIPE LADDER (wiring gates G1/G2/G4; fixed order; first pass = primary)
(amendment 3: the Paper-I-pinned reconstruction; ladder = gas extent x errors)
  PIN30-E1       a0 =  3.08 si = 0.215 [f]  a00 =  3.96 a1 = -0.90 [f]  bins ----
  PIN30-E2       a0 =  3.38 si = 0.233 [f]  a00 =  2.38 a1 =  1.03 [f]  bins ----
  PIN20-E1       a0 =  2.34 si = 0.218 [P]  a00 =  3.32 a1 = -1.00 [f]  bins ----
  PIN20-E2       a0 =  2.51 si = 0.230 [P]  a00 =  2.21 a1 =  0.31 [f]  bins ----
  PIN60-E1       a0 =  3.91 si = 0.219 [f]  a00 =  4.49 a1 = -0.60 [f]  bins ----
  PIN60-E2       a0 =  4.44 si = 0.248 [f]  a00 =  2.67 a1 =  1.84 [f]  bins ----

NO recipe passed wiring -> H-FEASIBILITY-LIMITED.
(Measurements above stand as the reconstruction diagnostic; no
 contest fit and no injection was computed -- firewall held.)
